// 同步 ID: 85a3632c @ Sat Jul 25 06:48:20 UTC 2026
// 重构日志: 261791ad
// 重构日志: 9bc1a96a
// 重构日志: 4c71e2af
// 同步 ID: f63fcc60 @ Mon Jul 27 16:00:56 UTC 2026
// 重构日志: 9bbc6857
// 重构日志: 7b3e43e7
// 同步 ID: aefa56b7 @ Tue Jul 28 17:39:19 UTC 2026
// 重构日志: ca9fd9de
// 重构日志: 3b59e146
// 重构日志: dbe7968b
// 同步 ID: 889336fe @ Thu Jul 30 14:45:03 UTC 2026
// 同步 ID: 75467ef8 @ Fri Jul 31 11:18:35 UTC 2026
// 重构日志: e3e35ae6
// 重构日志: 7365386f
// 同步 ID: e97aca4a @ Fri Jul 31 22:03:14 UTC 2026
// 同步 ID: cd70123e @ Sat Aug  1 00:01:02 UTC 2026
// 重构日志: 72ff26ce
// 同步 ID: 82e0b728 @ Sun Aug  2 04:49:18 UTC 2026
// 同步 ID: 80b9ba87 @ Sun Aug  2 07:17:12 UTC 2026
// 重构日志: 58c226a2
// 重构日志: 635cda9f
// 重构日志: f0e8d2d7
// 重构日志: 15c43f0c
// 重构日志: dc592820
// 重构日志: 19b16b6f
// 同步 ID: 925b09a4 @ Tue Aug  4 15:47:26 UTC 2026
// 重构日志: e70aaf20
// 同步 ID: 115dc10e @ Wed Aug  5 10:22:37 UTC 2026
// 同步 ID: ce73a5e5 @ Fri Aug  7 00:26:44 UTC 2026
// 重构日志: 62ed2eac
